// Vitest Snapshot v1, https://vitest.dev/guide/snapshot.html

exports[`remark-alert > !> で始まる行を Note に変換する 1`] = `"<div class="alert alert-note"><p class="alert-title"><svg class="alert-icon" xmlns="http://www.w3.org/2000/svg" fill="none" viewBox="0 0 24 24" stroke-width="1.5" stroke="currentColor" class="w-6 h-6"><path stroke-linecap="round" stroke-linejoin="round" d="m11.25 11.25.041-.02a.75.75 0 0 1 1.063.852l-.708 2.836a.75.75 0 0 0 1.063.853l.041-.021M21 12a9 9 0 1 1-18 0 9 9 0 0 1 18 0Zm-9-3.75h.008v.008H12V8.25Z" /></svg>Note</p><p class="alert-content">This is a info</p></div>"`;

exports[`remark-alert > ?> で始まる行を warning に変換する 1`] = `"<div class="alert alert-warning"><p class="alert-title"><svg class="alert-icon" xmlns="http://www.w3.org/2000/svg" fill="none" viewBox="0 0 24 24" stroke-width="1.5" stroke="currentColor" class="w-6 h-6"><path stroke-linecap="round" stroke-linejoin="round" d="M12 9v3.75m9-.75a9 9 0 1 1-18 0 9 9 0 0 1 18 0Zm-9 3.75h.008v.008H12v-.008Z" /></svg>Warning</p><p class="alert-content">This is a warning</p></div>"`;

exports[`remark-alert > -> で始まる行を Tip に変換する 1`] = `"<div class="alert alert-tip"><p class="alert-title"><svg class="alert-icon" xmlns="http://www.w3.org/2000/svg" fill="none" viewBox="0 0 24 24" strokeWidth={1.5} stroke="currentColor" className="w-6 h-6"><path strokeLinecap="round" strokeLinejoin="round" d="M12 6.042A8.967 8.967 0 0 0 6 3.75c-1.052 0-2.062.18-3 .512v14.25A8.987 8.987 0 0 1 6 18c2.305 0 4.408.867 6 2.292m0-14.25a8.966 8.966 0 0 1 6-2.292c1.052 0 2.062.18 3 .512v14.25A8.987 8.987 0 0 0 18 18a8.967 8.967 0 0 0-6 2.292m0-14.25v14.25" /></svg>Tip</p><p class="alert-content">This is a success</p></div>"`;

exports[`remark-alert > x> で始まる行を警告に変換する 1`] = `"<div class="alert alert-error"><p class="alert-title"><svg class="alert-icon" xmlns="http://www.w3.org/2000/svg" fill="none" viewBox="0 0 24 24" stroke-width="1.5" stroke="currentColor" class="w-6 h-6"><path stroke-linecap="round" stroke-linejoin="round" d="M12 9v3.75m-9.303 3.376c-.866 1.5.217 3.374 1.948 3.374h14.71c1.73 0 2.813-1.874 1.948-3.374L13.949 3.378c-.866-1.5-3.032-1.5-3.898 0L2.697 16.126ZM12 15.75h.007v.008H12v-.008Z" /></svg>Caution</p><p class="alert-content">This is a error</p></div>"`;
